[
  {
    "id": "in.c-testCreateBucket",
    "name": "c-testCreateBucket",
    "displayName": "testCreateBucket",
    "stage": "in",
    "description": "",
    "backend": "snowflake"
  }
]